// Jest Snapshot v1, https://goo.gl/fbAQLP

exports[`Keypad Component renders withour errors 1`] = `
<div
  className="panel__keypads"
>
  <div
    className="panel__keypads__item"
    key="7-0"
    onClick={[Function]}
  >
    7
  </div>
  <div
    className="panel__keypads__item"
    key="8-1"
    onClick={[Function]}
  >
    8
  </div>
  <div
    className="panel__keypads__item"
    key="9-2"
    onClick={[Function]}
  >
    9
  </div>
  <div
    className="panel__keypads__item"
    key="4-3"
    onClick={[Function]}
  >
    4
  </div>
  <div
    className="panel__keypads__item"
    key="5-4"
    onClick={[Function]}
  >
    5
  </div>
  <div
    className="panel__keypads__item"
    key="6-5"
    onClick={[Function]}
  >
    6
  </div>
  <div
    className="panel__keypads__item"
    key="1-6"
    onClick={[Function]}
  >
    1
  </div>
  <div
    className="panel__keypads__item"
    key="2-7"
    onClick={[Function]}
  >
    2
  </div>
  <div
    className="panel__keypads__item"
    key="3-8"
    onClick={[Function]}
  >
    3
  </div>
  <div
    className="panel__keypads__item"
    key="*-9"
    onClick={[Function]}
  >
    *
  </div>
  <div
    className="panel__keypads__item"
    key="0-10"
    onClick={[Function]}
  >
    0
  </div>
  <div
    className="panel__keypads__item"
    key="L-11"
    onClick={[Function]}
  >
    L
  </div>
</div>
`;
